<label class="block text-sm font-medium text-gray-700 dark:text-gray-200" for="user_username">Some Text</label>